Archive member included to satisfy reference by file (symbol)

c:/gnu_tools_arm_embedded/q4_major_8_2018/bin/../lib/gcc/arm-none-eabi/8.2.1/thumb/v6-m/nofp\libgcc.a(_udivsi3.o)
                              C:\Users\pali1\AppData\Local\Temp\cclyZMWb.o (__aeabi_uidiv)
c:/gnu_tools_arm_embedded/q4_major_8_2018/bin/../lib/gcc/arm-none-eabi/8.2.1/thumb/v6-m/nofp\libgcc.a(_divsi3.o)
                              C:\Users\pali1\AppData\Local\Temp\cclyZMWb.o (__aeabi_idiv)
c:/gnu_tools_arm_embedded/q4_major_8_2018/bin/../lib/gcc/arm-none-eabi/8.2.1/thumb/v6-m/nofp\libgcc.a(_dvmd_tls.o)
                              c:/gnu_tools_arm_embedded/q4_major_8_2018/bin/../lib/gcc/arm-none-eabi/8.2.1/thumb/v6-m/nofp\libgcc.a(_udivsi3.o) (__aeabi_idiv0)
c:/gnu_tools_arm_embedded/q4_major_8_2018/bin/../lib/gcc/arm-none-eabi/8.2.1/../../../../arm-none-eabi/lib/thumb/v6-m/nofp\libg.a(lib_a-memcpy-stub.o)
                              C:\Users\pali1\AppData\Local\Temp\ccmxpUH4.o (memcpy)

Allocating common symbols
Common symbol       size              file

i                   0x4               C:\Users\pali1\AppData\Local\Temp\cc5641Tl.o

Discarded input sections

 .comment       0x00000000       0x76 C:\Users\pali1\AppData\Local\Temp\ccmxpUH4.o
 .comment       0x00000000       0x76 C:\Users\pali1\AppData\Local\Temp\cclyZMWb.o
 .comment       0x00000000       0x76 C:\Users\pali1\AppData\Local\Temp\ccP6YHMf.o
 .comment       0x00000000       0x76 C:\Users\pali1\AppData\Local\Temp\cctYnedl.o
 .comment       0x00000000       0x76 C:\Users\pali1\AppData\Local\Temp\cch7awTy.o
 .comment       0x00000000       0x76 C:\Users\pali1\AppData\Local\Temp\ccNeYtER.o
 .comment       0x00000000       0x76 C:\Users\pali1\AppData\Local\Temp\cc5641Tl.o

Memory Configuration

Name             Origin             Length             Attributes
FLASH            0x10001000         0x00010000         xr
SRAM             0x20000000         0x00004000         !xr
*default*        0x00000000         0xffffffff

Linker script and memory map

LOAD C:\Users\pali1\AppData\Local\Temp\ccmxpUH4.o
LOAD C:\Users\pali1\AppData\Local\Temp\cclyZMWb.o
LOAD C:\Users\pali1\AppData\Local\Temp\ccP6YHMf.o
LOAD C:\Users\pali1\AppData\Local\Temp\cctYnedl.o
LOAD C:\Users\pali1\AppData\Local\Temp\cch7awTy.o
LOAD C:\Users\pali1\AppData\Local\Temp\ccNeYtER.o
LOAD C:\Users\pali1\AppData\Local\Temp\cc5641Tl.o
LOAD C:\Users\pali1\AppData\Local\Temp\ccTBbi1S.o
START GROUP
LOAD c:/gnu_tools_arm_embedded/q4_major_8_2018/bin/../lib/gcc/arm-none-eabi/8.2.1/thumb/v6-m/nofp\libgcc.a
LOAD c:/gnu_tools_arm_embedded/q4_major_8_2018/bin/../lib/gcc/arm-none-eabi/8.2.1/../../../../arm-none-eabi/lib/thumb/v6-m/nofp\libg.a
LOAD c:/gnu_tools_arm_embedded/q4_major_8_2018/bin/../lib/gcc/arm-none-eabi/8.2.1/../../../../arm-none-eabi/lib/thumb/v6-m/nofp\libc.a
END GROUP
                0x00000400                stack_size = DEFINED (stack_size)?stack_size:0x400
                0x00000004                no_init_size = 0x4

.text           0x10001000      0x9a8
                0x10001000                sText = .
 *(.reset)
 .reset         0x10001000       0x8e C:\Users\pali1\AppData\Local\Temp\ccTBbi1S.o
                0x10001000                __Vectors
                0x1000101c                Reset_Handler
                0x1000108c                IRQ0_Handler
                0x1000108c                IRQ5_Handler
                0x1000108c                PendSV_Handler
                0x1000108c                IRQ16_Handler
                0x1000108c                IRQ4_Handler
                0x1000108c                HardFault_Handler
                0x1000108c                IRQ23_Handler
                0x1000108c                IRQ22_Handler
                0x1000108c                IRQ29_Handler
                0x1000108c                IRQ20_Handler
                0x1000108c                IRQ13_Handler
                0x1000108c                IRQ25_Handler
                0x1000108c                IRQ30_Handler
                0x1000108c                IRQ21_Handler
                0x1000108c                IRQ31_Handler
                0x1000108c                IRQ28_Handler
                0x1000108c                IRQ2_Handler
                0x1000108c                IRQ24_Handler
                0x1000108c                SVC_Handler
                0x1000108c                IRQ1_Handler
                0x1000108c                IRQ19_Handler
                0x1000108c                IRQ6_Handler
                0x1000108c                IRQ15_Handler
                0x1000108c                IRQ18_Handler
                0x1000108c                IRQ14_Handler
                0x1000108c                IRQ7_Handler
                0x1000108c                IRQ12_Handler
                0x1000108c                IRQ8_Handler
                0x1000108c                IRQ3_Handler
                0x1000108c                IRQ27_Handler
                0x1000108c                IRQ26_Handler
                0x1000108c                IRQ17_Handler
 *(.text .text.* .gnu.linkonce.t.*)
 *fill*         0x1000108e        0x2 
 .text          0x10001090       0x50 C:\Users\pali1\AppData\Local\Temp\ccmxpUH4.o
                0x10001090                SysTick_Handler
 .text.startup  0x100010e0       0xc0 C:\Users\pali1\AppData\Local\Temp\ccmxpUH4.o
                0x100010e0                main
 .text          0x100011a0       0x6c C:\Users\pali1\AppData\Local\Temp\cclyZMWb.o
                0x100011a0                SystemCoreClockUpdate
                0x10001204                OSCHP_GetFrequency
 .text          0x1000120c       0x8c C:\Users\pali1\AppData\Local\Temp\ccP6YHMf.o
                0x1000120c                dtsInit
                0x10001218                dtsEnable
                0x10001224                dtsDisable
                0x10001230                dtsSetHighIntVal
                0x1000123c                dtsSetLowIntVal
                0x10001248                dtsIsTempAboveTh
                0x10001254                dtsIsTempBelowTh
                0x10001260                dtsGetTemp
 .text          0x10001298        0x0 C:\Users\pali1\AppData\Local\Temp\cctYnedl.o
 .text          0x10001298       0x54 C:\Users\pali1\AppData\Local\Temp\cch7awTy.o
                0x10001298                NVIC_SetPriority
 .text          0x100012ec       0x2c C:\Users\pali1\AppData\Local\Temp\ccNeYtER.o
                0x100012ec                SysTick_Config
 .text          0x10001318      0x294 C:\Users\pali1\AppData\Local\Temp\cc5641Tl.o
                0x10001318                UART_Init
                0x100014b4                sendChar
                0x100014c4                print
                0x100014e0                IRQ9_Handler
                0x10001524                IRQ10_Handler
                0x10001568                IRQ11_Handler
 .text          0x100015ac        0x0 C:\Users\pali1\AppData\Local\Temp\ccTBbi1S.o
 .text          0x100015ac      0x114 c:/gnu_tools_arm_embedded/q4_major_8_2018/bin/../lib/gcc/arm-none-eabi/8.2.1/thumb/v6-m/nofp\libgcc.a(_udivsi3.o)
                0x100015ac                __aeabi_uidiv
                0x100015ac                __udivsi3
                0x100016b8                __aeabi_uidivmod
 .text          0x100016c0      0x1d4 c:/gnu_tools_arm_embedded/q4_major_8_2018/bin/../lib/gcc/arm-none-eabi/8.2.1/thumb/v6-m/nofp\libgcc.a(_divsi3.o)
                0x100016c0                __divsi3
                0x100016c0                __aeabi_idiv
                0x1000188c                __aeabi_idivmod
 .text          0x10001894        0x4 c:/gnu_tools_arm_embedded/q4_major_8_2018/bin/../lib/gcc/arm-none-eabi/8.2.1/thumb/v6-m/nofp\libgcc.a(_dvmd_tls.o)
                0x10001894                __aeabi_idiv0
                0x10001894                __aeabi_ldiv0
 .text          0x10001898        0x0 c:/gnu_tools_arm_embedded/q4_major_8_2018/bin/../lib/gcc/arm-none-eabi/8.2.1/../../../../arm-none-eabi/lib/thumb/v6-m/nofp\libg.a(lib_a-memcpy-stub.o)
 .text.memcpy   0x10001898       0xa4 c:/gnu_tools_arm_embedded/q4_major_8_2018/bin/../lib/gcc/arm-none-eabi/8.2.1/../../../../arm-none-eabi/lib/thumb/v6-m/nofp\libg.a(lib_a-memcpy-stub.o)
                0x10001898                memcpy
 *(.init)
 *(.fini)
 *crtbegin.o(.ctors)
 *crtbegin?.o(.ctors)
 *(EXCLUDE_FILE(*crtend.o *crtend?.o) .ctors)
 *(SORT_BY_NAME(.ctors.*))
 *(.ctors)
 *crtbegin.o(.dtors)
 *crtbegin?.o(.dtors)
 *(EXCLUDE_FILE(*crtend.o *crtend?.o) .dtors)
 *(SORT_BY_NAME(.dtors.*))
 *(.dtors)
 *(.rodata .rodata.*)
 .rodata        0x1000193c       0x1a C:\Users\pali1\AppData\Local\Temp\ccmxpUH4.o
 .rodata        0x10001956       0x14 C:\Users\pali1\AppData\Local\Temp\cc5641Tl.o
 .rodata.str1.1
                0x1000196a       0x3c C:\Users\pali1\AppData\Local\Temp\cc5641Tl.o
 *(.gnu.linkonce.r*)
 *(vtable)
                0x100019a8                . = ALIGN (0x4)
 *fill*         0x100019a6        0x2 

.glue_7         0x100019a8        0x0
 .glue_7        0x100019a8        0x0 linker stubs

.glue_7t        0x100019a8        0x0
 .glue_7t       0x100019a8        0x0 linker stubs

.vfp11_veneer   0x100019a8        0x0
 .vfp11_veneer  0x100019a8        0x0 linker stubs

.v4_bx          0x100019a8        0x0
 .v4_bx         0x100019a8        0x0 linker stubs

.iplt           0x100019a8        0x0
 .iplt          0x100019a8        0x0 C:\Users\pali1\AppData\Local\Temp\ccmxpUH4.o

.eh_frame_hdr
 *(.eh_frame_hdr)

.eh_frame
 *(.eh_frame)

.ARM.extab
 *(.ARM.extab* .gnu.linkonce.armextab.*)
                0x100019a8                . = ALIGN (0x4)
                0x100019a8                __exidx_start = .

.ARM.exidx
 *(.ARM.exidx* .gnu.linkonce.armexidx.*)
                0x100019a8                __exidx_end = .
                0x100019a8                . = ALIGN (0x4)

.VENEER_Code    0x2000000c      0x144 load address 0x100019a8
                0x2000000c                . = ALIGN (0x4)
                0x2000000c                VeneerStart = .
 *(.XmcVeneerCode)
 .XmcVeneerCode
                0x2000000c      0x144 C:\Users\pali1\AppData\Local\Temp\ccTBbi1S.o
                0x2000000c                HardFault_Veener
                0x2000002c                SVC_Veener
                0x20000038                PendSV_Veener
                0x2000003c                SysTick_Veener
                0x20000040                IRQ0_Veener
                0x20000044                IRQ1_Veener
                0x20000048                IRQ2_Veener
                0x2000004c                IRQ3_Veener
                0x20000050                IRQ4_Veener
                0x20000054                IRQ5_Veener
                0x20000058                IRQ6_Veener
                0x2000005c                IRQ7_Veener
                0x20000060                IRQ8_Veener
                0x20000064                IRQ9_Veener
                0x20000068                IRQ10_Veener
                0x2000006c                IRQ11_Veener
                0x20000070                IRQ12_Veener
                0x20000074                IRQ13_Veener
                0x20000078                IRQ14_Veener
                0x2000007c                IRQ15_Veener
                0x20000080                IRQ16_Veener
                0x20000084                IRQ17_Veener
                0x20000088                IRQ18_Veener
                0x2000008c                IRQ19_Veener
                0x20000090                IRQ20_Veener
                0x20000094                IRQ21_Veener
                0x20000098                IRQ22_Veener
                0x2000009c                IRQ23_Veener
                0x200000a0                IRQ24_Veener
                0x200000a4                IRQ25_Veener
                0x200000a8                IRQ26_Veener
                0x200000ac                IRQ27_Veener
                0x200000b0                IRQ28_Veener
                0x200000b4                IRQ29_Veener
                0x200000b8                IRQ30_Veener
                0x200000bc                IRQ31_Veener
                0x20000150                . = ALIGN (0x4)
                0x20000150                VeneerEnd = .
                0x100019a8                eROData = LOADADDR (.VENEER_Code)
                0x00000144                VeneerSize = (ABSOLUTE (VeneerEnd) - ABSOLUTE (VeneerStart))

.rel.dyn        0x20000150        0x0 load address 0x10001aec
 .rel.iplt      0x20000150        0x0 C:\Users\pali1\AppData\Local\Temp\ccmxpUH4.o

Stack           0x20000150      0x400 load address 0x00000000
                0x20000150                . = ALIGN (0x8)
                0x20000550                . = (. + stack_size)
 *fill*         0x20000150      0x400 
                0x20000550                __initial_sp = .

.data           0x20000550        0x0 load address 0x10001aec
                0x20000550                . = ALIGN (0x4)
                0x20000550                __data_start = .
 *(.data)
 .data          0x20000550        0x0 C:\Users\pali1\AppData\Local\Temp\ccmxpUH4.o
 .data          0x20000550        0x0 C:\Users\pali1\AppData\Local\Temp\cclyZMWb.o
 .data          0x20000550        0x0 C:\Users\pali1\AppData\Local\Temp\ccP6YHMf.o
 .data          0x20000550        0x0 C:\Users\pali1\AppData\Local\Temp\cctYnedl.o
 .data          0x20000550        0x0 C:\Users\pali1\AppData\Local\Temp\cch7awTy.o
 .data          0x20000550        0x0 C:\Users\pali1\AppData\Local\Temp\ccNeYtER.o
 .data          0x20000550        0x0 C:\Users\pali1\AppData\Local\Temp\cc5641Tl.o
 .data          0x20000550        0x0 C:\Users\pali1\AppData\Local\Temp\ccTBbi1S.o
 .data          0x20000550        0x0 c:/gnu_tools_arm_embedded/q4_major_8_2018/bin/../lib/gcc/arm-none-eabi/8.2.1/thumb/v6-m/nofp\libgcc.a(_udivsi3.o)
 .data          0x20000550        0x0 c:/gnu_tools_arm_embedded/q4_major_8_2018/bin/../lib/gcc/arm-none-eabi/8.2.1/thumb/v6-m/nofp\libgcc.a(_divsi3.o)
 .data          0x20000550        0x0 c:/gnu_tools_arm_embedded/q4_major_8_2018/bin/../lib/gcc/arm-none-eabi/8.2.1/thumb/v6-m/nofp\libgcc.a(_dvmd_tls.o)
 .data          0x20000550        0x0 c:/gnu_tools_arm_embedded/q4_major_8_2018/bin/../lib/gcc/arm-none-eabi/8.2.1/../../../../arm-none-eabi/lib/thumb/v6-m/nofp\libg.a(lib_a-memcpy-stub.o)
 *(.data*)
 *(*.data)
 *(.gnu.linkonce.d*)
                0x20000550                . = ALIGN (0x4)
                [!provide]                PROVIDE (__preinit_array_start = .)
 *(.preinit_array)
                [!provide]                PROVIDE (__preinit_array_end = .)
                0x20000550                . = ALIGN (0x4)
                [!provide]                PROVIDE (__init_array_start = .)
 *(SORT_BY_NAME(.init_array.*))
 *(.init_array)
                [!provide]                PROVIDE (__init_array_end = .)
                0x20000550                . = ALIGN (0x4)
                [!provide]                PROVIDE (__fini_array_start = .)
 *(SORT_BY_NAME(.fini_array.*))
 *(.fini_array)
                [!provide]                PROVIDE (__fini_array_end = .)
                0x20000550                . = ALIGN (0x4)
                0x20000550                __data_end = .
                0x10001aec                DataLoadAddr = LOADADDR (.data)
                0x00000000                __data_size = (__data_end - __data_start)

.igot.plt       0x20000550        0x0 load address 0x10001aec
 .igot.plt      0x20000550        0x0 C:\Users\pali1\AppData\Local\Temp\ccmxpUH4.o

.ram_code       0x20000550        0x0 load address 0x10001aec
                0x20000550                . = ALIGN (0x4)
                0x20000550                __ram_code_start = .
 *(.ram_code)
                0x20000550                . = ALIGN (0x4)
                0x20000550                __ram_code_end = .
                0x10001aec                __ram_code_load = LOADADDR (.ram_code)
                0x00000000                __ram_code_size = (__ram_code_end - __ram_code_start)
                0x00000aec                __text_size = ((((__exidx_end - sText) + VeneerSize) + __data_size) + __ram_code_size)
                0x10001aec                eText = (sText + __text_size)

.bss            0x20000550        0x8 load address 0x10001aec
                0x20000550                . = ALIGN (0x4)
                0x20000550                __bss_start = .
 *(.bss)
 .bss           0x20000550        0x0 C:\Users\pali1\AppData\Local\Temp\ccmxpUH4.o
 .bss           0x20000550        0x0 C:\Users\pali1\AppData\Local\Temp\cclyZMWb.o
 .bss           0x20000550        0x0 C:\Users\pali1\AppData\Local\Temp\ccP6YHMf.o
 .bss           0x20000550        0x0 C:\Users\pali1\AppData\Local\Temp\cctYnedl.o
 .bss           0x20000550        0x0 C:\Users\pali1\AppData\Local\Temp\cch7awTy.o
 .bss           0x20000550        0x0 C:\Users\pali1\AppData\Local\Temp\ccNeYtER.o
 .bss           0x20000550        0x4 C:\Users\pali1\AppData\Local\Temp\cc5641Tl.o
                0x20000550                j
 .bss           0x20000554        0x0 C:\Users\pali1\AppData\Local\Temp\ccTBbi1S.o
 .bss           0x20000554        0x0 c:/gnu_tools_arm_embedded/q4_major_8_2018/bin/../lib/gcc/arm-none-eabi/8.2.1/thumb/v6-m/nofp\libgcc.a(_udivsi3.o)
 .bss           0x20000554        0x0 c:/gnu_tools_arm_embedded/q4_major_8_2018/bin/../lib/gcc/arm-none-eabi/8.2.1/thumb/v6-m/nofp\libgcc.a(_divsi3.o)
 .bss           0x20000554        0x0 c:/gnu_tools_arm_embedded/q4_major_8_2018/bin/../lib/gcc/arm-none-eabi/8.2.1/thumb/v6-m/nofp\libgcc.a(_dvmd_tls.o)
 .bss           0x20000554        0x0 c:/gnu_tools_arm_embedded/q4_major_8_2018/bin/../lib/gcc/arm-none-eabi/8.2.1/../../../../arm-none-eabi/lib/thumb/v6-m/nofp\libg.a(lib_a-memcpy-stub.o)
 *(.bss*)
 *(COMMON)
 COMMON         0x20000554        0x4 C:\Users\pali1\AppData\Local\Temp\cc5641Tl.o
                0x20000554                i
 *(.gnu.linkonce.b*)
                0x20000558                . = ALIGN (0x4)
                0x20000558                __bss_end = .
                0x20000558                . = ALIGN (0x8)
                0x20000558                Heap_Bank1_Start = .
                0x00000008                __bss_size = (__bss_end - __bss_start)

.no_init        0x20003ffc        0x4 load address 0x00003eac
                0x20003ffc                Heap_Bank1_End = .
 *(.no_init)
 .no_init       0x20003ffc        0x4 C:\Users\pali1\AppData\Local\Temp\cclyZMWb.o
                0x20003ffc                SystemCoreClock
                0x00003aa4                Heap_Bank1_Size = (Heap_Bank1_End - Heap_Bank1_Start)
                0x00000001                ASSERT ((Heap_Bank1_Start <= Heap_Bank1_End), region SRAM overflowed no_init section)

/DISCARD/
 *(.comment)

.stab
 *(.stab)

.stabstr
 *(.stabstr)

.debug
 *(.debug)

.line
 *(.line)

.debug_srcinfo
 *(.debug_srcinfo)

.debug_sfnames
 *(.debug_sfnames)

.debug_aranges  0x00000000       0xf0
 *(.debug_aranges)
 .debug_aranges
                0x00000000       0x28 C:\Users\pali1\AppData\Local\Temp\ccmxpUH4.o
 .debug_aranges
                0x00000028       0x20 C:\Users\pali1\AppData\Local\Temp\cclyZMWb.o
 .debug_aranges
                0x00000048       0x20 C:\Users\pali1\AppData\Local\Temp\ccP6YHMf.o
 .debug_aranges
                0x00000068       0x20 C:\Users\pali1\AppData\Local\Temp\cch7awTy.o
 .debug_aranges
                0x00000088       0x20 C:\Users\pali1\AppData\Local\Temp\ccNeYtER.o
 .debug_aranges
                0x000000a8       0x20 C:\Users\pali1\AppData\Local\Temp\cc5641Tl.o
 .debug_aranges
                0x000000c8       0x28 C:\Users\pali1\AppData\Local\Temp\ccTBbi1S.o

.debug_pubnames
 *(.debug_pubnames)

.debug_pubtypes
 *(.debug_pubtypes)

.debug_info     0x00000000     0x17dd
 *(.debug_info .gnu.linkonce.wi.*)
 .debug_info    0x00000000      0x4c8 C:\Users\pali1\AppData\Local\Temp\ccmxpUH4.o
 .debug_info    0x000004c8      0x160 C:\Users\pali1\AppData\Local\Temp\cclyZMWb.o
 .debug_info    0x00000628      0x3fb C:\Users\pali1\AppData\Local\Temp\ccP6YHMf.o
 .debug_info    0x00000a23      0x34e C:\Users\pali1\AppData\Local\Temp\cch7awTy.o
 .debug_info    0x00000d71      0x20f C:\Users\pali1\AppData\Local\Temp\ccNeYtER.o
 .debug_info    0x00000f80      0x83b C:\Users\pali1\AppData\Local\Temp\cc5641Tl.o
 .debug_info    0x000017bb       0x22 C:\Users\pali1\AppData\Local\Temp\ccTBbi1S.o

.debug_abbrev   0x00000000      0x836
 *(.debug_abbrev)
 .debug_abbrev  0x00000000      0x191 C:\Users\pali1\AppData\Local\Temp\ccmxpUH4.o
 .debug_abbrev  0x00000191       0xd9 C:\Users\pali1\AppData\Local\Temp\cclyZMWb.o
 .debug_abbrev  0x0000026a      0x16d C:\Users\pali1\AppData\Local\Temp\ccP6YHMf.o
 .debug_abbrev  0x000003d7      0x11d C:\Users\pali1\AppData\Local\Temp\cch7awTy.o
 .debug_abbrev  0x000004f4      0x108 C:\Users\pali1\AppData\Local\Temp\ccNeYtER.o
 .debug_abbrev  0x000005fc      0x228 C:\Users\pali1\AppData\Local\Temp\cc5641Tl.o
 .debug_abbrev  0x00000824       0x12 C:\Users\pali1\AppData\Local\Temp\ccTBbi1S.o

.debug_line     0x00000000      0x961
 *(.debug_line)
 .debug_line    0x00000000      0x158 C:\Users\pali1\AppData\Local\Temp\ccmxpUH4.o
 .debug_line    0x00000158      0x100 C:\Users\pali1\AppData\Local\Temp\cclyZMWb.o
 .debug_line    0x00000258      0x119 C:\Users\pali1\AppData\Local\Temp\ccP6YHMf.o
 .debug_line    0x00000371        0x0 C:\Users\pali1\AppData\Local\Temp\cctYnedl.o
 .debug_line    0x00000371       0xaa C:\Users\pali1\AppData\Local\Temp\cch7awTy.o
 .debug_line    0x0000041b       0xaa C:\Users\pali1\AppData\Local\Temp\ccNeYtER.o
 .debug_line    0x000004c5      0x3c9 C:\Users\pali1\AppData\Local\Temp\cc5641Tl.o
 .debug_line    0x0000088e       0xd3 C:\Users\pali1\AppData\Local\Temp\ccTBbi1S.o

.debug_frame    0x00000000      0x288
 *(.debug_frame)
 .debug_frame   0x00000000       0x44 C:\Users\pali1\AppData\Local\Temp\ccmxpUH4.o
 .debug_frame   0x00000044       0x3c C:\Users\pali1\AppData\Local\Temp\cclyZMWb.o
 .debug_frame   0x00000080       0x98 C:\Users\pali1\AppData\Local\Temp\ccP6YHMf.o
 .debug_frame   0x00000118       0x2c C:\Users\pali1\AppData\Local\Temp\cch7awTy.o
 .debug_frame   0x00000144       0x28 C:\Users\pali1\AppData\Local\Temp\ccNeYtER.o
 .debug_frame   0x0000016c       0xa8 C:\Users\pali1\AppData\Local\Temp\cc5641Tl.o
 .debug_frame   0x00000214       0x20 c:/gnu_tools_arm_embedded/q4_major_8_2018/bin/../lib/gcc/arm-none-eabi/8.2.1/thumb/v6-m/nofp\libgcc.a(_udivsi3.o)
 .debug_frame   0x00000234       0x20 c:/gnu_tools_arm_embedded/q4_major_8_2018/bin/../lib/gcc/arm-none-eabi/8.2.1/thumb/v6-m/nofp\libgcc.a(_divsi3.o)
 .debug_frame   0x00000254       0x34 c:/gnu_tools_arm_embedded/q4_major_8_2018/bin/../lib/gcc/arm-none-eabi/8.2.1/../../../../arm-none-eabi/lib/thumb/v6-m/nofp\libg.a(lib_a-memcpy-stub.o)

.debug_str      0x00000000      0x790
 *(.debug_str)
 .debug_str     0x00000000      0x2c7 C:\Users\pali1\AppData\Local\Temp\ccmxpUH4.o
                                0x2ec (size before relaxing)
 .debug_str     0x000002c7       0x3d C:\Users\pali1\AppData\Local\Temp\cclyZMWb.o
                                0x1f3 (size before relaxing)
 .debug_str     0x00000304       0xd7 C:\Users\pali1\AppData\Local\Temp\ccP6YHMf.o
                                0x2e9 (size before relaxing)
 .debug_str     0x000003db        0xf C:\Users\pali1\AppData\Local\Temp\cctYnedl.o
                                 0xf7 (size before relaxing)
 .debug_str     0x000003ea      0x206 C:\Users\pali1\AppData\Local\Temp\cch7awTy.o
                                0x3b9 (size before relaxing)
 .debug_str     0x000005f0       0x2e C:\Users\pali1\AppData\Local\Temp\ccNeYtER.o
                                0x351 (size before relaxing)
 .debug_str     0x0000061e      0x151 C:\Users\pali1\AppData\Local\Temp\cc5641Tl.o
                                0x3d5 (size before relaxing)
 .debug_str     0x0000076f       0x21 C:\Users\pali1\AppData\Local\Temp\ccTBbi1S.o
                                 0x79 (size before relaxing)

.debug_loc      0x00000000      0x1ab
 *(.debug_loc)
 .debug_loc     0x00000000       0x85 C:\Users\pali1\AppData\Local\Temp\ccmxpUH4.o
 .debug_loc     0x00000085       0x74 C:\Users\pali1\AppData\Local\Temp\cch7awTy.o
 .debug_loc     0x000000f9       0x34 C:\Users\pali1\AppData\Local\Temp\ccNeYtER.o
 .debug_loc     0x0000012d       0x7e C:\Users\pali1\AppData\Local\Temp\cc5641Tl.o

.debug_macinfo
 *(.debug_macinfo)

.debug_ranges   0x00000000       0xc8
 *(.debug_ranges)
 .debug_ranges  0x00000000       0x18 C:\Users\pali1\AppData\Local\Temp\ccmxpUH4.o
 .debug_ranges  0x00000018       0x18 C:\Users\pali1\AppData\Local\Temp\ccP6YHMf.o
 .debug_ranges  0x00000030       0x78 C:\Users\pali1\AppData\Local\Temp\cc5641Tl.o
 .debug_ranges  0x000000a8       0x20 C:\Users\pali1\AppData\Local\Temp\ccTBbi1S.o

.debug_weaknames
 *(.debug_weaknames)

.debug_funcnames
 *(.debug_funcnames)

.debug_typenames
 *(.debug_typenames)

.debug_varnames
 *(.debug_varnames)

.build_attributes
                0x00000000      0x1e0
 *(.ARM.attributes)
 .ARM.attributes
                0x00000000       0x2c C:\Users\pali1\AppData\Local\Temp\ccmxpUH4.o
 .ARM.attributes
                0x0000002c       0x2c C:\Users\pali1\AppData\Local\Temp\cclyZMWb.o
 .ARM.attributes
                0x00000058       0x2c C:\Users\pali1\AppData\Local\Temp\ccP6YHMf.o
 .ARM.attributes
                0x00000084       0x31 C:\Users\pali1\AppData\Local\Temp\cctYnedl.o
 .ARM.attributes
                0x000000b5       0x2c C:\Users\pali1\AppData\Local\Temp\cch7awTy.o
 .ARM.attributes
                0x000000e1       0x2c C:\Users\pali1\AppData\Local\Temp\ccNeYtER.o
 .ARM.attributes
                0x0000010d       0x2c C:\Users\pali1\AppData\Local\Temp\cc5641Tl.o
 .ARM.attributes
                0x00000139       0x21 C:\Users\pali1\AppData\Local\Temp\ccTBbi1S.o
 .ARM.attributes
                0x0000015a       0x1e c:/gnu_tools_arm_embedded/q4_major_8_2018/bin/../lib/gcc/arm-none-eabi/8.2.1/thumb/v6-m/nofp\libgcc.a(_udivsi3.o)
 .ARM.attributes
                0x00000178       0x1e c:/gnu_tools_arm_embedded/q4_major_8_2018/bin/../lib/gcc/arm-none-eabi/8.2.1/thumb/v6-m/nofp\libgcc.a(_divsi3.o)
 .ARM.attributes
                0x00000196       0x1e c:/gnu_tools_arm_embedded/q4_major_8_2018/bin/../lib/gcc/arm-none-eabi/8.2.1/thumb/v6-m/nofp\libgcc.a(_dvmd_tls.o)
 .ARM.attributes
                0x000001b4       0x2c c:/gnu_tools_arm_embedded/q4_major_8_2018/bin/../lib/gcc/arm-none-eabi/8.2.1/../../../../arm-none-eabi/lib/thumb/v6-m/nofp\libg.a(lib_a-memcpy-stub.o)
OUTPUT(main.elf elf32-littlearm)
